// Vitest Snapshot v1, https://vitest.dev/guide/snapshot.html

exports[`Page > matches snapshot 1`] = `
<div
  class="page"
  data-centered="false"
>
  <div
    class="page-header"
  >
    <div
      class="page-title-wrapper"
    >
      <div
        class="title"
      >
        <h1>
          Home
        </h1>
        
        <!--v-if-->
        
      </div>
      
      <small>
        Welcome to the home page
      </small>
      
    </div>
    <div
      class="page-toolbar"
    >
      
      <!--v-if-->
      
    </div>
  </div>
  <div
    class="page-content"
  >
    
    
    <!--v-if-->
  </div>
</div>
`;
