// Vitest Snapshot v1, https://vitest.dev/guide/snapshot.html

exports[`SidebarHeaderLayout > matches snapshot 1`] = `
<div
  class="layout sidebar-header-layout collapsible"
>
  
  <header>
    <div
      class="toggle"
    >
      
      <svg
        aria-hidden="true"
        height="2rem"
        role="img"
        viewBox="0 0 16 16"
        width="2rem"
        xmlns="http://www.w3.org/2000/svg"
        xmlns:xlink="http://www.w3.org/1999/xlink"
      />
      
    </div>
    
    <div
      class="logo"
    >
      
      <a
        class=""
        href="/"
      >
        <span
          class="logo-default"
        >
          <span>
            T
          </span>
          <span>
            Test app
          </span>
        </span>
      </a>
      
    </div>
    
    <nav>
      
      <!---->
      
      
      
      
      
      
      <locale-switcher-stub
        class="locales"
      />
      
    </nav>
  </header>
  
  <div
    class="sidebar collapsible layout-sidebar"
  >
    <!---->
    <div
      class="sidebar-menu-wrapper"
    >
      
      
      <ul
        class="nav"
      >
        
        <nav
          class="nav-menu"
        >
          <!---->
        </nav>
        
        
        
        
        <div
          class="after-nav"
        />
        
        
        
      </ul>
      
      
      
      <div
        class="after-sidebar"
      />
      
      
      
      <user-menu-stub />
      
      <!---->
      
    </div>
    <div
      class="footer"
    >
      
      
      <footer>
        
        <!---->
        
        
        
        
        <div
          class="version"
        >
          0.1.0
        </div>
        
      </footer>
      
      
    </div>
  </div>
  <main>
    
    
    <div
      class="default"
    />
    
    
  </main>
</div>
`;
