// Vitest Snapshot v1, https://vitest.dev/guide/snapshot.html

exports[`SidebarOnlyLayout > matches snapshot 1`] = `
<div
  class="layout sidebar-only"
>
  <div
    class="sidebar collapsible layout-sidebar"
  >
    <div
      class="header"
    >
      <div
        class="logo"
      >
        <div
          class="logo"
        >
          
          <a
            class=""
            href="/"
          >
            <span
              class="logo-default"
            >
              <span>
                T
              </span>
              <span>
                Test app
              </span>
            </span>
          </a>
          
        </div>
      </div>
      <div
        class="title"
      >
        
        
      </div>
      
      <div
        class="toggle"
      >
        <transition-stub
          appear="false"
          css="true"
          name="sidebar-toggle"
          persisted="false"
        >
          <img
            alt="minimize sidebar"
            src="data:image/svg+xml,%3csvg%20viewBox='0%200%2024%2024'%20fill='none'%20xmlns='http://www.w3.org/2000/svg'%3e%3cg%20stroke-width='0'%3e%3c/g%3e%3cg%20stroke-linecap='round'%20stroke-linejoin='round'%3e%3c/g%3e%3cg%3e%3cpath%20fill-rule='evenodd'%20clip-rule='evenodd'%20d='M15.7071%204.29289C16.0976%204.68342%2016.0976%205.31658%2015.7071%205.70711L9.41421%2012L15.7071%2018.2929C16.0976%2018.6834%2016.0976%2019.3166%2015.7071%2019.7071C15.3166%2020.0976%2014.6834%2020.0976%2014.2929%2019.7071L7.29289%2012.7071C7.10536%2012.5196%207%2012.2652%207%2012C7%2011.7348%207.10536%2011.4804%207.29289%2011.2929L14.2929%204.29289C14.6834%203.90237%2015.3166%203.90237%2015.7071%204.29289Z'%20fill='%23ffffff'%3e%3c/path%3e%3c/g%3e%3c/svg%3e"
          />
        </transition-stub>
      </div>
      
    </div>
    <div
      class="sidebar-menu-wrapper"
    >
      
      
      <ul
        class="nav"
      >
        
        <nav
          class="nav-menu"
        >
          <div
            class="menu"
          >
            
            <div
              class="nav-menu-item"
            >
              <a
                aria-label="open menu"
                class="link"
              >
                <!---->
                <!---->
                <span
                  class="item-name"
                >
                  Menu1
                </span>
                <!---->
              </a>
              <transition-stub
                appear="false"
                css="true"
                name="fade"
                persisted="false"
              >
                <!---->
              </transition-stub>
            </div>
            <div
              class="nav-menu-item"
            >
              <a
                aria-label="open menu"
                class="link"
              >
                <!---->
                <!---->
                <span
                  class="item-name"
                >
                  Menu2
                </span>
                <!---->
              </a>
              <transition-stub
                appear="false"
                css="true"
                name="fade"
                persisted="false"
              >
                <!---->
              </transition-stub>
            </div>
            
          </div>
        </nav>
        
        
        
        
        <div
          class="after-nav"
        />
        
        
        
      </ul>
      
      
      
      <div
        class="after-sidebar"
      />
      
      
      
      <user-menu-stub />
      
      
      <locale-switcher-stub
        class="locales"
      />
      
      
    </div>
    <div
      class="footer"
    >
      
      <footer>
        
        <!---->
        
        
        
        
        <div
          class="version"
        >
          0.1.0
        </div>
        
      </footer>
      
    </div>
  </div>
  <main>
    
    
    <div
      class="default"
    />
    
    
  </main>
</div>
`;
