// Vitest Snapshot v1, https://vitest.dev/guide/snapshot.html

exports[`PasswordResetRequestAcknowledge > matches snapshot in en 1`] = `
<div
  class="acknowledgement-content"
>
  <p
    class="acknowledgement-message"
  >
    An email with a link to reset your password was sent to 
    <span
      class="email"
    />
    . Follow the instructions in the email to access your account.
  </p>
  <div
    class="resend"
  >
    <span>
      Didn't receive the email? 
    </span>
    <span
      class="resend-link"
    >
      Resend
    </span>
  </div>
</div>
`;

exports[`PasswordResetRequestAcknowledge > matches snapshot in fr 1`] = `
<div
  class="acknowledgement-content"
>
  <p
    class="acknowledgement-message"
  >
    An email with a link to reset your password was sent to 
    <span
      class="email"
    />
    . Follow the instructions in the email to access your account.
  </p>
  <div
    class="resend"
  >
    <span>
      Didn't receive the email? 
    </span>
    <span
      class="resend-link"
    >
      Resend
    </span>
  </div>
</div>
`;
