// Vitest Snapshot v1, https://vitest.dev/guide/snapshot.html

exports[`BasicLayout > matches snapshot 1`] = `
<div
  class="layout basic"
>
  
  <app-header-stub
    nolocaleswitcher="false"
    nologo="false"
    nomainmenu="false"
    notoggle="true"
  />
  
  <main>
    
    
  </main>
  
  <app-footer-stub />
  
</div>
`;
