// Vitest Snapshot v1, https://vitest.dev/guide/snapshot.html

exports[`SidebarHeaderLayout > matches snapshot 1`] = `
<div
  class="layout sidebar-header-layout collapsible"
>
  
  <app-header-stub
    nolocaleswitcher="false"
    nologo="false"
    nomainmenu="true"
    notoggle="false"
  />
  
  <sidebar-stub
    class="layout-sidebar"
    collapsible="true"
    menu="[object Object],[object Object]"
    noheader="false"
  />
  <main>
    
    <div
      class="default"
    />
    
  </main>
</div>
`;
