// Vitest Snapshot v1, https://vitest.dev/guide/snapshot.html

exports[`SidebarOnlyLayout > matches snapshot 1`] = `
<div
  class="layout sidebar-only"
>
  <sidebar-stub
    class="layout-sidebar"
    collapsible="true"
    menu="[object Object],[object Object]"
    noheader="false"
  />
  <main>
    
    <div
      class="default"
    />
    
  </main>
</div>
`;
