// Vitest Snapshot v1, https://vitest.dev/guide/snapshot.html

exports[`EmailVerificationReminder > matches snapshot in en 1`] = `
<div
  class="page email-verification-reminder"
  data-centered="true"
>
  <div
    class="page-header"
  >
    <div
      class="page-title-wrapper"
    >
      <div
        class="title"
      >
        <h1>
          Please verify your email address
        </h1>
        
        <!---->
        
      </div>
      
      <!---->
      
    </div>
    <div
      class="page-toolbar"
    >
      
      <!---->
      
    </div>
  </div>
  <div
    class="page-content"
  >
    
    <p>
      We've sent an email to 
      <!--v-if-->
       with a link for verification. Please check your inbox.
    </p>
    <p
      class="resend-email"
    >
      Not received yet? 
      <routerlink
        to=""
      >
        Resend
      </routerlink>
    </p>
    
    <!---->
  </div>
</div>
`;

exports[`EmailVerificationReminder > matches snapshot in fr 1`] = `
<div
  class="page email-verification-reminder"
  data-centered="true"
>
  <div
    class="page-header"
  >
    <div
      class="page-title-wrapper"
    >
      <div
        class="title"
      >
        <h1>
          Please verify your email address
        </h1>
        
        <!---->
        
      </div>
      
      <!---->
      
    </div>
    <div
      class="page-toolbar"
    >
      
      <!---->
      
    </div>
  </div>
  <div
    class="page-content"
  >
    
    <p>
      We've sent an email to 
      <!--v-if-->
       with a link for verification. Please check your inbox.
    </p>
    <p
      class="resend-email"
    >
      Not received yet? 
      <routerlink
        to=""
      >
        Resend
      </routerlink>
    </p>
    
    <!---->
  </div>
</div>
`;
