// Vitest Snapshot v1, https://vitest.dev/guide/snapshot.html

exports[`PasswordResetRequestAcknowledge > matches snapshot in en 1`] = `
<div
  class="page auth password-reset-acknowledge"
  data-centered="false"
>
  <div
    class="page-header"
  >
    <div
      class="page-title-wrapper"
    >
      <div
        class="title"
      >
        <h1>
          Resetting your password
        </h1>
        
        <!---->
        
      </div>
      
      <!---->
      
    </div>
    <div
      class="page-toolbar"
    >
      
      <!---->
      
    </div>
  </div>
  <div
    class="page-content"
  >
    
    <p
      class="acknowledge"
    >
      We are processing your request to reset the password for email 
      <span
        class="email"
      />
      . If a user account exists for this email address, it will receive in the next few minutes an email containing instructions on how to reset their password.
    </p>
    <nav
      class="links"
    >
      <p
        class="resend-email"
      >
        Not received yet?  
        <a>
          Resend
        </a>
      </p>
    </nav>
    <p
      class="redirect"
    >
      Redirecting automatically in 
      <span
        class="seconds"
      >
        0
      </span>
       seconds
    </p>
    
    <!---->
  </div>
</div>
`;

exports[`PasswordResetRequestAcknowledge > matches snapshot in fr 1`] = `
<div
  class="page auth password-reset-acknowledge"
  data-centered="false"
>
  <div
    class="page-header"
  >
    <div
      class="page-title-wrapper"
    >
      <div
        class="title"
      >
        <h1>
          Resetting your password
        </h1>
        
        <!---->
        
      </div>
      
      <!---->
      
    </div>
    <div
      class="page-toolbar"
    >
      
      <!---->
      
    </div>
  </div>
  <div
    class="page-content"
  >
    
    <p
      class="acknowledge"
    >
      We are processing your request to reset the password for email 
      <span
        class="email"
      />
      . If a user account exists for this email address, it will receive in the next few minutes an email containing instructions on how to reset their password.
    </p>
    <nav
      class="links"
    >
      <p
        class="resend-email"
      >
        Not received yet?  
        <a>
          Resend
        </a>
      </p>
    </nav>
    <p
      class="redirect"
    >
      Redirecting automatically in 
      <span
        class="seconds"
      >
        0
      </span>
       seconds
    </p>
    
    <!---->
  </div>
</div>
`;
