// Vitest Snapshot v1, https://vitest.dev/guide/snapshot.html

exports[`VerifyEmail > matches snapshot in en 1`] = `
<div
  class="page email-verification"
  data-centered="true"
>
  <div
    class="page-header"
  >
    <div
      class="page-title-wrapper"
    >
      <div
        class="title"
      >
        <h1>
          Verifying your email address.
        </h1>
        
        <!---->
        
      </div>
      
      <!---->
      
    </div>
    <div
      class="page-toolbar"
    >
      
      <!---->
      
    </div>
  </div>
  <div
    class="page-content"
  >
    
    <p>
      Something went wrong. Please try again
    </p>
    
    <!---->
  </div>
</div>
`;

exports[`VerifyEmail > matches snapshot in fr 1`] = `
<div
  class="page email-verification"
  data-centered="true"
>
  <div
    class="page-header"
  >
    <div
      class="page-title-wrapper"
    >
      <div
        class="title"
      >
        <h1>
          Verifying your email address.
        </h1>
        
        <!---->
        
      </div>
      
      <!---->
      
    </div>
    <div
      class="page-toolbar"
    >
      
      <!---->
      
    </div>
  </div>
  <div
    class="page-content"
  >
    
    <p>
      Something went wrong. Please try again
    </p>
    
    <!---->
  </div>
</div>
`;
