// Vitest Snapshot v1, https://vitest.dev/guide/snapshot.html

exports[`DatePicker > matches snapshot 1`] = `
<div
  class="field date-picker"
>
  <label
    for="date-picker"
  >
    Input
  </label>
  
  <vue-date-picker-stub
    actionrow="[object Object]"
    alwaysclearable="false"
    arialabels="[object Object]"
    arrownavigation="false"
    autoapply="true"
    autocomplete="off"
    autoposition="true"
    canceltext="Cancel"
    class=""
    clearable="true"
    dark="false"
    disabled="false"
    disableddates=""
    disabledweekdays=""
    disablemonthyearselect="false"
    disableyearselect="false"
    enableminutes="true"
    enableseconds="false"
    enabletimepicker="false"
    escclose="true"
    filters="[object Object]"
    flow=""
    focusstartdate="false"
    hideinputicon="false"
    hidenavigation=""
    hideoffsetdates="false"
    hoursgridincrement="1"
    hoursincrement="1"
    ignoretimevalidation="false"
    inline="false"
    is24="true"
    loading="false"
    locale="en-Us"
    markers=""
    minutesgridincrement="5"
    minutesincrement="1"
    modelauto="false"
    modelvalue="Thu Aug 29 2024"
    monthchangeonarrows="true"
    monthchangeonscroll="true"
    monthnameformat="short"
    monthpicker="false"
    multidates="false"
    name="date"
    nohoursoverlay="false"
    nominutesoverlay="false"
    nosecondsoverlay="false"
    notoday="false"
    nowbuttonlabel="Now"
    offset="10"
    partialflow="false"
    placeholder="Placeholder"
    position="center"
    presetdates=""
    preventminmaxnavigation="false"
    previewformat=""
    quarterpicker="false"
    range="false"
    required="false"
    reverseyears="false"
    secondsgridincrement="5"
    secondsincrement="1"
    selecttext="Select"
    sixweeks="false"
    spaceconfirm="true"
    tabindex="0"
    teleportcenter="false"
    textinput="false"
    timepicker="false"
    timepickerinline="false"
    transitions="true"
    ui="[object Object]"
    utc="false"
    value="Thu Aug 29 2024"
    vertical="false"
    weeknumname="W"
    weekpicker="false"
    weekstart="1"
    yearfirst="false"
    yearpicker="false"
    yearrange="1900,2100"
  />
  <!---->
  
</div>
`;
