// Vitest Snapshot v1, https://vitest.dev/guide/snapshot.html

exports[`Input > matches snapshot 1`] = `
<div
  class="field input"
>
  <label
    for="input"
  >
    Input
  </label>
  
  <input
    class=""
    id="input-field-input"
    name="input"
    placeholder="Placeholder"
    tabindex="0"
    type="text"
    value=""
  />
  <!---->
  
</div>
`;
