// Vitest Snapshot v1, https://vitest.dev/guide/snapshot.html

exports[`SelectInput > matches snapshot 1`] = `
<div
  class="field multiselect"
>
  <label
    for="multiselect"
  >
    Multiselect
  </label>
  
  <div
    class="multiple-mode multiselect"
    id="input-field-multiselect"
    name="multiselect"
    tabindex="0"
    value="FR,FE"
  >
    <!--v-if-->
    <div
      class="multiselect-input"
    >
      
      <div
        aria-label="tooltip"
        class="tooltip-container selected-options"
      >
        <div
          class="tooltip-trigger"
        >
          
          
          FR, FE
          
          
        </div>
        <!---->
      </div>
      
      <span
        class="action-items"
      >
        <svg
          fill="none"
          tabindex="0"
          viewBox="0 0 24 24"
          xmlns="http://www.w3.org/2000/svg"
        >
          <path
            d="M6 6L18 18M18 6L6 18"
            stroke="currentColor"
            stroke-linecap="round"
            stroke-linejoin="round"
            stroke-width="2"
          />
        </svg>
        <svg
          viewBox="0 0 24 24"
          xmlns="http://www.w3.org/2000/svg"
        >
          <g
            id="Complete"
          >
            <g
              id="F-Chevron"
            >
              <polyline
                fill="none"
                id="down"
                points="5 8.5 12 15.5 19 8.5"
                stroke="currentColor"
                stroke-linecap="round"
                stroke-linejoin="round"
                stroke-width="2"
              />
            </g>
          </g>
        </svg>
      </span>
    </div>
    <!--v-if-->
  </div>
  <!---->
  
</div>
`;
