// Vitest Snapshot v1, https://vitest.dev/guide/snapshot.html

exports[`Typeahead > matches snapshot 1`] = `
<div
  class="field typeahead"
>
  <label
    for=""
  >
    Input
  </label>
  
  <div
    class="field debounce-input"
    id="input-field-"
    tabindex="0"
  >
    <input
      aria-label="input"
      class="input-field"
      placeholder="Placeholder"
      type="text"
      value=""
    />
  </div>
  <!--v-if-->
  
  <ul>
    
    <li>
      Roslabel - A fragrant flower often associated with romance
    </li>
    <li>
      Tulip - A bright, cup-shaped flower popular in spring
    </li>
    <li>
      Daisy - A simple, white flower with a yellow center
    </li>
    <li>
      Sunflower - A tall plant with a large, yellow flower head
    </li>
    <li>
      Lily - An elegant flower often used in bouquets
    </li>
    <li>
      Orchid - An exotic flower with a unique shape
    </li>
    <li>
      Marigold - A vibrant, orange or yellow flower
    </li>
    <li>
      Lavender - A fragrant flower known for its calming scent
    </li>
    <li>
      Peony - A lush, full flower often used in weddings
    </li>
    <li>
      Chrysanthemum - A hardy flower with a variety of colors
    </li>
    <li>
      Daffodil - A bright, yellow flower that blooms in spring
    </li>
    <li>
      Hydrangea - A large, cluster-like flower that changes color
    </li>
    
  </ul>
</div>
`;
