// Vitest Snapshot v1, https://vitest.dev/guide/snapshot.html

exports[`FileCard > matches snapshot 1`] = `
<div
  class="card file-card"
>
  <!--v-if-->
  <div
    class="card-body"
  >
    
    <div
      class="file-thumbnail-details-wrapper"
    >
      <div
        class="file-thumbnail"
      >
        
        <svg
          fill="none"
          viewBox="0 0 24 24"
          xmlns="http://www.w3.org/2000/svg"
        >
          <path
            d="M18.53 9L13 3.47C12.8595 3.32931 12.6688 3.25018 12.47 3.25H8C7.27065 3.25 6.57118 3.53973 6.05546 4.05546C5.53973 4.57118 5.25 5.27065 5.25 6V18C5.25 18.7293 5.53973 19.4288 6.05546 19.9445C6.57118 20.4603 7.27065 20.75 8 20.75H16C16.7293 20.75 17.4288 20.4603 17.9445 19.9445C18.4603 19.4288 18.75 18.7293 18.75 18V9.5C18.7421 9.3116 18.6636 9.13309 18.53 9ZM13.25 5.81L16.19 8.75H13.25V5.81ZM16 19.25H8C7.66848 19.25 7.35054 19.1183 7.11612 18.8839C6.8817 18.6495 6.75 18.3315 6.75 18V6C6.75 5.66848 6.8817 5.35054 7.11612 5.11612C7.35054 4.8817 7.66848 4.75 8 4.75H11.75V9.5C11.7526 9.69811 11.8324 9.88737 11.9725 10.0275C12.1126 10.1676 12.3019 10.2474 12.5 10.25H17.25V18C17.25 18.3315 17.1183 18.6495 16.8839 18.8839C16.6495 19.1183 16.3315 19.25 16 19.25Z"
            fill="currentColor"
          />
          <path
            d="M13.49 14.85C12.8751 14.4642 12.4124 13.8778 12.18 13.19C12.3953 12.5467 12.4603 11.8625 12.37 11.19C12.3412 11.0206 12.2586 10.865 12.1344 10.7462C12.0102 10.6274 11.8511 10.5518 11.6806 10.5305C11.5101 10.5092 11.3372 10.5433 11.1876 10.6279C11.038 10.7125 10.9197 10.843 10.85 11C10.7362 11.8085 10.822 12.6325 11.1 13.4C10.7202 14.2873 10.2963 15.1551 9.83001 16C9.12001 16.4 8.15001 17 8.00001 17.69C7.88001 18.25 8.93001 19.69 10.72 16.57C11.5159 16.2746 12.3312 16.034 13.16 15.85C13.7727 16.2003 14.4561 16.4088 15.16 16.46C15.3216 16.4642 15.4809 16.4206 15.6178 16.3345C15.7546 16.2484 15.863 16.1238 15.9292 15.9764C15.9955 15.8289 16.0167 15.6651 15.9901 15.5056C15.9636 15.3462 15.8905 15.1981 15.78 15.08C15.36 14.65 14.11 14.77 13.49 14.85ZM8.71001 17.85C8.99025 17.3705 9.36034 16.9495 9.80001 16.61C9.12001 17.69 8.71001 17.88 8.71001 17.86V17.85ZM11.63 11.04C11.89 11.04 11.87 12.19 11.69 12.5C11.5544 12.0285 11.5338 11.5312 11.63 11.05V11.04ZM10.76 15.92C11.0988 15.3019 11.3929 14.6602 11.64 14C11.9049 14.493 12.2734 14.9229 12.72 15.26C12.0491 15.4281 11.3934 15.6522 10.76 15.93V15.92ZM15.46 15.74C15.46 15.74 15.28 15.96 14.13 15.46C15.38 15.38 15.59 15.67 15.46 15.75V15.74Z"
            fill="currentColor"
          />
        </svg>
        
      </div>
      <div
        class="details-wrapper"
      >
        <div
          class="name-description-details-wrapper"
        >
          <div>
            <span
              class="name"
            >
              file.png
            </span>
            <span
              class="file-size"
            >
               (4) 
            </span>
          </div>
          <div
            class="description-wrapper-details"
          >
            <span>
              This is a file
            </span>
            <!--v-if-->
          </div>
        </div>
        <div
          class="file-upload-download-details-wrapper"
        >
          <div
            class="file-upload-details"
          >
            <div
              class="uploaded-by"
            >
              <span>
                Uploaded by
              </span>
              <span>
                Test user
              </span>
            </div>
            <div
              class="uploaded-at"
            >
              <span>
                Uploaded at
              </span>
              <span />
            </div>
          </div>
          <div
            class="file-download-details"
          >
            <div
              class="download-count"
            >
              <span>
                Downloads:
              </span>
              <span>
                0
              </span>
            </div>
            <div
              class="last-downloaded-at"
            >
              <span>
                Last download:
              </span>
              <span />
            </div>
          </div>
        </div>
      </div>
    </div>
    <div
      class="file-actions"
    >
      <button
        aria-label="button"
        class="button primary small filled"
        role="button"
      >
        <span
          class="icon-left"
        >
          
          <svg
            fill="none"
            viewBox="0 0 24 24"
            xmlns="http://www.w3.org/2000/svg"
          >
            <path
              d="M4 19V6.2C4 5.0799 4 4.51984 4.21799 4.09202C4.40973 3.71569 4.71569 3.40973 5.09202 3.21799C5.51984 3 6.0799 3 7.2 3H16.8C17.9201 3 18.4802 3 18.908 3.21799C19.2843 3.40973 19.5903 3.71569 19.782 4.09202C20 4.51984 20 5.0799 20 6.2V17H6C4.89543 17 4 17.8954 4 19ZM4 19C4 20.1046 4.89543 21 6 21H20M9 7H15M9 11H15M19 17V21"
              stroke="currentColor"
              stroke-linecap="round"
              stroke-linejoin="round"
              stroke-width="2"
            />
          </svg>
          
        </span>
        <div
          class="label"
        >
          
          <span>
            Archive
          </span>
          
        </div>
        <!--v-if-->
        <!--v-if-->
      </button>
      <button
        aria-label="button"
        class="button primary small filled"
        role="button"
      >
        <span
          class="icon-left"
        >
          
          <svg
            fill="none"
            viewBox="0 0 24 24"
            xmlns="http://www.w3.org/2000/svg"
          >
            <path
              d="M4 6H20M16 6L15.7294 5.18807C15.4671 4.40125 15.3359 4.00784 15.0927 3.71698C14.8779 3.46013 14.6021 3.26132 14.2905 3.13878C13.9376 3 13.523 3 12.6936 3H11.3064C10.477 3 10.0624 3 9.70951 3.13878C9.39792 3.26132 9.12208 3.46013 8.90729 3.71698C8.66405 4.00784 8.53292 4.40125 8.27064 5.18807L8 6M18 6V16.2C18 17.8802 18 18.7202 17.673 19.362C17.3854 19.9265 16.9265 20.3854 16.362 20.673C15.7202 21 14.8802 21 13.2 21H10.8C9.11984 21 8.27976 21 7.63803 20.673C7.07354 20.3854 6.6146 19.9265 6.32698 19.362C6 18.7202 6 17.8802 6 16.2V6M14 10V17M10 10V17"
              stroke="currentColor"
              stroke-linecap="round"
              stroke-linejoin="round"
              stroke-width="2"
            />
          </svg>
          
        </span>
        <div
          class="label"
        >
          
          <span>
            Delete
          </span>
          
        </div>
        <!--v-if-->
        <!--v-if-->
      </button>
      <button
        aria-label="button"
        class="button primary small filled"
        role="button"
      >
        <span
          class="icon-left"
        >
          
          <svg
            fill="none"
            viewBox="0 0 24 24"
            xmlns="http://www.w3.org/2000/svg"
          >
            <path
              d="M12.5535 16.5061C12.4114 16.6615 12.2106 16.75 12 16.75C11.7894 16.75 11.5886 16.6615 11.4465 16.5061L7.44648 12.1311C7.16698 11.8254 7.18822 11.351 7.49392 11.0715C7.79963 10.792 8.27402 10.8132 8.55352 11.1189L11.25 14.0682V3C11.25 2.58579 11.5858 2.25 12 2.25C12.4142 2.25 12.75 2.58579 12.75 3V14.0682L15.4465 11.1189C15.726 10.8132 16.2004 10.792 16.5061 11.0715C16.8118 11.351 16.833 11.8254 16.5535 12.1311L12.5535 16.5061Z"
              fill="currentColor"
            />
            <path
              d="M3.75 15C3.75 14.5858 3.41422 14.25 3 14.25C2.58579 14.25 2.25 14.5858 2.25 15V15.0549C2.24998 16.4225 2.24996 17.5248 2.36652 18.3918C2.48754 19.2919 2.74643 20.0497 3.34835 20.6516C3.95027 21.2536 4.70814 21.5125 5.60825 21.6335C6.47522 21.75 7.57754 21.75 8.94513 21.75H15.0549C16.4225 21.75 17.5248 21.75 18.3918 21.6335C19.2919 21.5125 20.0497 21.2536 20.6517 20.6516C21.2536 20.0497 21.5125 19.2919 21.6335 18.3918C21.75 17.5248 21.75 16.4225 21.75 15.0549V15C21.75 14.5858 21.4142 14.25 21 14.25C20.5858 14.25 20.25 14.5858 20.25 15C20.25 16.4354 20.2484 17.4365 20.1469 18.1919C20.0482 18.9257 19.8678 19.3142 19.591 19.591C19.3142 19.8678 18.9257 20.0482 18.1919 20.1469C17.4365 20.2484 16.4354 20.25 15 20.25H9C7.56459 20.25 6.56347 20.2484 5.80812 20.1469C5.07435 20.0482 4.68577 19.8678 4.40901 19.591C4.13225 19.3142 3.9518 18.9257 3.85315 18.1919C3.75159 17.4365 3.75 16.4354 3.75 15Z"
              fill="currentColor"
            />
          </svg>
          
        </span>
        <div
          class="label"
        >
          
          <span>
            Download
          </span>
          
        </div>
        <!--v-if-->
        <!--v-if-->
      </button>
      <button
        aria-label="button"
        class="button primary small filled"
        role="button"
      >
        <span
          class="icon-left"
        >
          
          <svg
            fill="none"
            viewBox="0 0 24 24"
            xmlns="http://www.w3.org/2000/svg"
          >
            <path
              clip-rule="evenodd"
              d="M16.5 2.25C14.7051 2.25 13.25 3.70507 13.25 5.5C13.25 5.69591 13.2673 5.88776 13.3006 6.07412L8.56991 9.38558C8.54587 9.4024 8.52312 9.42038 8.50168 9.43939C7.94993 9.00747 7.25503 8.75 6.5 8.75C4.70507 8.75 3.25 10.2051 3.25 12C3.25 13.7949 4.70507 15.25 6.5 15.25C7.25503 15.25 7.94993 14.9925 8.50168 14.5606C8.52312 14.5796 8.54587 14.5976 8.56991 14.6144L13.3006 17.9259C13.2673 18.1122 13.25 18.3041 13.25 18.5C13.25 20.2949 14.7051 21.75 16.5 21.75C18.2949 21.75 19.75 20.2949 19.75 18.5C19.75 16.7051 18.2949 15.25 16.5 15.25C15.4472 15.25 14.5113 15.7506 13.9174 16.5267L9.43806 13.3911C9.63809 12.9694 9.75 12.4978 9.75 12C9.75 11.5022 9.63809 11.0306 9.43806 10.6089L13.9174 7.4733C14.5113 8.24942 15.4472 8.75 16.5 8.75C18.2949 8.75 19.75 7.29493 19.75 5.5C19.75 3.70507 18.2949 2.25 16.5 2.25ZM14.75 5.5C14.75 4.5335 15.5335 3.75 16.5 3.75C17.4665 3.75 18.25 4.5335 18.25 5.5C18.25 6.4665 17.4665 7.25 16.5 7.25C15.5335 7.25 14.75 6.4665 14.75 5.5ZM6.5 10.25C5.5335 10.25 4.75 11.0335 4.75 12C4.75 12.9665 5.5335 13.75 6.5 13.75C7.4665 13.75 8.25 12.9665 8.25 12C8.25 11.0335 7.4665 10.25 6.5 10.25ZM16.5 16.75C15.5335 16.75 14.75 17.5335 14.75 18.5C14.75 19.4665 15.5335 20.25 16.5 20.25C17.4665 20.25 18.25 19.4665 18.25 18.5C18.25 17.5335 17.4665 16.75 16.5 16.75Z"
              fill="currentColor"
              fill-rule="evenodd"
            />
          </svg>
          
        </span>
        <div
          class="label"
        >
          
          <span>
            Share
          </span>
          
        </div>
        <!--v-if-->
        <!--v-if-->
      </button>
      <button
        aria-label="button"
        class="button secondary small filled"
        role="button"
      >
        <span
          class="icon-left"
        >
          
          <svg
            fill="none"
            viewBox="0 0 24 24"
            xmlns="http://www.w3.org/2000/svg"
          >
            <path
              d="M15.0007 12C15.0007 13.6569 13.6576 15 12.0007 15C10.3439 15 9.00073 13.6569 9.00073 12C9.00073 10.3431 10.3439 9 12.0007 9C13.6576 9 15.0007 10.3431 15.0007 12Z"
              stroke="currentColor"
              stroke-linecap="round"
              stroke-linejoin="round"
              stroke-width="2"
            />
            <path
              d="M12.0012 5C7.52354 5 3.73326 7.94288 2.45898 12C3.73324 16.0571 7.52354 19 12.0012 19C16.4788 19 20.2691 16.0571 21.5434 12C20.2691 7.94291 16.4788 5 12.0012 5Z"
              stroke="currentColor"
              stroke-linecap="round"
              stroke-linejoin="round"
              stroke-width="2"
            />
          </svg>
          
        </span>
        <div
          class="label"
        >
          
          <span>
            View
          </span>
          
        </div>
        <!--v-if-->
        <!--v-if-->
      </button>
      <confirmation-file-actions-stub
        archiveconfirmationheader="Archive file?"
        archiveconfirmationmessage="Are you sure you want to archive this file?"
        deleteconfirmationheader="Delete file?"
        deleteconfirmationmessage="Are you sure you want to delete this file?"
        showarchiveconfirmation="false"
        showdeleteconfirmation="false"
      />
    </div>
    
  </div>
  <!--v-if-->
</div>
`;
